[33mΓ¥»[39m Building...
[32mΓ£ö[39m Building...
Application bundle generation failed. [6.591 seconds] - 2026-02-27T18:46:38.575Z

node.exe : [1m[33m[33mΓû▓ [43;33m[[43;30mWARNING[43;33m][0m [1mDeprecation[0m [1m[35m[plugin angular-sass][0m
At C:\Users\victus\AppData\Roaming\npm\ng.ps1:24 char:5
+     & "node$exe"  "$basedir/node_modules/@angular/cli/bin/ng.js" $arg ...
+     ~~~~~~~~~~~~~~~~~~~~~~~~~~~~~~~~~~~~~~~~~~~~~~~~~~~~~~~~~~~~~~~~~
    + CategoryInfo          : NotSpecified: ([1m[33m[33mΓ...gular-sass][0m:String) [], RemoteException
    + FullyQualifiedErrorId : NativeCommandError
 

    src/app/core/components/footer/footer.component.scss:1:8:
[37m      1 Γöé @import [32m[37m'../../../styles/variables.scss';
        Γò╡         [32m^[0m


  Sass @import rules are deprecated and will be removed in Dart Sass 3.0.0.
  
  More info and automated migrator: [4mhttps://sass-lang.com/d/import[0m


[33mΓû▓ [43;33m[[43;30mWARNING[43;33m][0m [1mDeprecation[0m [1m[35m[plugin angular-sass][0m

    src/app/core/components/navbar/navbar.component.scss:1:8:
[37m      1 Γöé @import [32m[37m'../../../styles/variables.scss';
        Γò╡         [32m^[0m


  Sass @import rules are deprecated and will be removed in Dart Sass 3.0.0.
  
  More info and automated migrator: [4mhttps://sass-lang.com/d/import[0m


[33mΓû▓ [43;33m[[43;30mWARNING[43;33m][0m [1mDeprecation[0m [1m[35m[plugin angular-sass][0m

    src/app/features/about/about.component.scss:1:8:
[37m      1 Γöé @import [32m[37m'../../../styles/variables.scss';
        Γò╡         [32m^[0m


  Sass @import rules are deprecated and will be removed in Dart Sass 3.0.0.
  
  More info and automated migrator: [4mhttps://sass-lang.com/d/import[0m


[33mΓû▓ [43;33m[[43;30mWARNING[43;33m][0m [1mDeprecation[0m [1m[35m[plugin angular-sass][0m

    src/app/features/home/home.component.scss:1:8:
[37m      1 Γöé @import [32m[37m'../../../styles/variables.scss';
        Γò╡         [32m^[0m


  Sass @import rules are deprecated and will be removed in Dart Sass 3.0.0.
  
  More info and automated migrator: [4mhttps://sass-lang.com/d/import[0m


[33mΓû▓ [43;33m[[43;30mWARNING[43;33m][0m [1mDeprecation[0m [1m[35m[plugin angular-sass][0m

    src/app/features/industries/industries.component.scss:1:8:
[37m      1 Γöé @import [32m[37m'../../../styles/variables.scss';
        Γò╡         [32m^[0m


  Sass @import rules are deprecated and will be removed in Dart Sass 3.0.0.
  
  More info and automated migrator: [4mhttps://sass-lang.com/d/import[0m


[33mΓû▓ [43;33m[[43;30mWARNING[43;33m][0m [1mDeprecation[0m [1m[35m[plugin angular-sass][0m

    src/app/features/not-found/not-found.component.scss:1:8:
[37m      1 Γöé @import [32m[37m'../../../styles/variables.scss';
        Γò╡         [32m^[0m


  Sass @import rules are deprecated and will be removed in Dart Sass 3.0.0.
  
  More info and automated migrator: [4mhttps://sass-lang.com/d/import[0m


[33mΓû▓ [43;33m[[43;30mWARNING[43;33m][0m [1mDeprecation[0m [1m[35m[plugin angular-sass][0m

    src/app/features/portfolio/portfolio.component.scss:1:8:
[37m      1 Γöé @import [32m[37m'../../../styles/variables.scss';
        Γò╡         [32m^[0m


  Sass @import rules are deprecated and will be removed in Dart Sass 3.0.0.
  
  More info and automated migrator: [4mhttps://sass-lang.com/d/import[0m


[33mΓû▓ [43;33m[[43;30mWARNING[43;33m][0m [1mDeprecation[0m [1m[35m[plugin angular-sass][0m

    src/app/features/process/process.component.scss:1:8:
[37m      1 Γöé @import [32m[37m'../../../styles/variables.scss';
        Γò╡         [32m^[0m


  Sass @import rules are deprecated and will be removed in Dart Sass 3.0.0.
  
  More info and automated migrator: [4mhttps://sass-lang.com/d/import[0m


[33mΓû▓ [43;33m[[43;30mWARNING[43;33m][0m [1mDeprecation[0m [1m[35m[plugin angular-sass][0m

    src/app/shared/components/button/button.component.scss:1:8:
[37m      1 Γöé @import [32m[37m'../../../styles/variables.scss';
        Γò╡         [32m^[0m


  Sass @import rules are deprecated and will be removed in Dart Sass 3.0.0.
  
  More info and automated migrator: [4mhttps://sass-lang.com/d/import[0m


[33mΓû▓ [43;33m[[43;30mWARNING[43;33m][0m [1mDeprecation[0m [1m[35m[plugin angular-sass][0m

    src/app/shared/components/card/card.component.scss:1:8:
[37m      1 Γöé @import [32m[37m'../../../styles/variables.scss';
        Γò╡         [32m^[0m


  Sass @import rules are deprecated and will be removed in Dart Sass 3.0.0.
  
  More info and automated migrator: [4mhttps://sass-lang.com/d/import[0m


[33mΓû▓ [43;33m[[43;30mWARNING[43;33m][0m [1mDeprecation[0m [1m[35m[plugin angular-sass][0m

    src/styles.scss:1:8:
[37m      1 Γöé @import [32m[37m'./styles/variables.scss';
        Γò╡         [32m^[0m


  Sass @import rules are deprecated and will be removed in Dart Sass 3.0.0.
  
  More info and automated migrator: [4mhttps://sass-lang.com/d/import[0m

  The plugin "angular-sass" was triggered by this import

    angular:styles/global:styles:1:8:
[37m      1 Γöé @import [32m'src/styles.scss'[37m;
        Γò╡         [32m~~~~~~~~~~~~~~~~~[0m


[33mΓû▓ [43;33m[[43;30mWARNING[43;33m][0m [1mDeprecation[0m [1m[35m[plugin angular-sass][0m

    src/styles.scss:2:8:
[37m      2 Γöé @import [32m[37m'./styles/animations.scss';
        Γò╡         [32m^[0m


  Sass @import rules are deprecated and will be removed in Dart Sass 3.0.0.
  
  More info and automated migrator: [4mhttps://sass-lang.com/d/import[0m

  The plugin "angular-sass" was triggered by this import

    angular:styles/global:styles:1:8:
[37m      1 Γöé @import [32m'src/styles.scss'[37m;
        Γò╡         [32m~~~~~~~~~~~~~~~~~[0m


[33mΓû▓ [43;33m[[43;30mWARNING[43;33m][0m [1mDeprecation[0m [1m[35m[plugin angular-sass][0m

    src/styles.scss:3:8:
[37m      3 Γöé @import [32m[37m'./styles/globals.scss';
        Γò╡         [32m^[0m


  Sass @import rules are deprecated and will be removed in Dart Sass 3.0.0.
  
  More info and automated migrator: [4mhttps://sass-lang.com/d/import[0m

  The plugin "angular-sass" was triggered by this import

    angular:styles/global:styles:1:8:
[37m      1 Γöé @import [32m'src/styles.scss'[37m;
        Γò╡         [32m~~~~~~~~~~~~~~~~~[0m


[33mΓû▓ [43;33m[[43;30mWARNING[43;33m][0m [1mDeprecation[0m [1m[35m[plugin angular-sass][0m

    src/styles/animations.scss:1:8:
[37m      1 Γöé @import [32m[37m'./variables.scss';
        Γò╡         [32m^[0m


  Sass @import rules are deprecated and will be removed in Dart Sass 3.0.0.
  
  More info and automated migrator: [4mhttps://sass-lang.com/d/import[0m

  The plugin "angular-sass" was triggered by this import

    angular:styles/global:styles:1:8:
[37m      1 Γöé @import [32m'src/styles.scss'[37m;
        Γò╡         [32m~~~~~~~~~~~~~~~~~[0m


[33mΓû▓ [43;33m[[43;30mWARNING[43;33m][0m [1mDeprecation[0m [1m[35m[plugin angular-sass][0m

    src/styles/globals.scss:1:8:
[37m      1 Γöé @import [32m[37m'./variables.scss';
        Γò╡         [32m^[0m


  Sass @import rules are deprecated and will be removed in Dart Sass 3.0.0.
  
  More info and automated migrator: [4mhttps://sass-lang.com/d/import[0m

  The plugin "angular-sass" was triggered by this import

    angular:styles/global:styles:1:8:
[37m      1 Γöé @import [32m'src/styles.scss'[37m;
        Γò╡         [32m~~~~~~~~~~~~~~~~~[0m


[33mΓû▓ [43;33m[[43;30mWARNING[43;33m][0m [1m1 repetitive deprecation warnings omitted.
Run in verbose mode to see all warnings.[0m [1m[35m[plugin angular-sass][0m

    angular:styles/global:styles:1:8:
[37m      1 Γöé @import [32m'src/styles.scss'[37m;
        Γò╡         [32m~~~~~~~~~~~~~~~~~[0m

  null

[39m[22m
[1m[31m[31mX [41;31m[[41;97mERROR[41;31m][0m [1mCan't find stylesheet to import.
  Γò╖
1 Γöé @import '../../../styles/variables.scss';
  Γöé         ^^^^^^^^^^^^^^^^^^^^^^^^^^^^^^^^
  Γò╡
  src\app\core\components\navbar\navbar.component.scss 1:9  root stylesheet[0m [1m[35m[plugin angular-sass][0m


[31mX [41;31m[[41;97mERROR[41;31m][0m [1mCan't find stylesheet to import.
  Γò╖
1 Γöé @import '../../../styles/variables.scss';
  Γöé         ^^^^^^^^^^^^^^^^^^^^^^^^^^^^^^^^
  Γò╡
  src\app\shared\components\card\card.component.scss 1:9  root stylesheet[0m [1m[35m[plugin angular-sass][0m


[31mX [41;31m[[41;97mERROR[41;31m][0m [1mCan't find stylesheet to import.
  Γò╖
1 Γöé @import '../../../styles/variables.scss';
  Γöé         ^^^^^^^^^^^^^^^^^^^^^^^^^^^^^^^^
  Γò╡
  src\app\core\components\footer\footer.component.scss 1:9  root stylesheet[0m [1m[35m[plugin angular-sass][0m


[31mX [41;31m[[41;97mERROR[41;31m][0m [1mCan't find stylesheet to import.
  Γò╖
1 Γöé @import '../../../styles/variables.scss';
  Γöé         ^^^^^^^^^^^^^^^^^^^^^^^^^^^^^^^^
  Γò╡
  src\app\shared\components\button\button.component.scss 1:9  root stylesheet[0m [1m[35m[plugin angular-sass][0m

[39m[22m
